// Jest Snapshot v1, https://goo.gl/fbAQLP

exports[`Component Testing Should correctly render productInfo 1`] = `
<div
  className="product-overview"
>
  <div
    className="image-gallery"
  >
    <div
      className="image-default-view"
    />
  </div>
  <div
    className="product-information"
  >
    <div>
      <div
        className="stars"
      >
        <div
          className="star-container"
        >
          <div
            className="star-fill"
            style={
              Object {
                "width": "0px",
              }
            }
          >
            <img
              alt="star alt"
              className="star-outline"
              src=""
            />
          </div>
        </div>
        <div
          className="star-container"
        >
          <div
            className="star-fill"
            style={
              Object {
                "width": "0px",
              }
            }
          >
            <img
              alt="star alt"
              className="star-outline"
              src=""
            />
          </div>
        </div>
        <div
          className="star-container"
        >
          <div
            className="star-fill"
            style={
              Object {
                "width": "0px",
              }
            }
          >
            <img
              alt="star alt"
              className="star-outline"
              src=""
            />
          </div>
        </div>
        <div
          className="star-container"
        >
          <div
            className="star-fill"
            style={
              Object {
                "width": "0px",
              }
            }
          >
            <img
              alt="star alt"
              className="star-outline"
              src=""
            />
          </div>
        </div>
        <div
          className="star-container"
        >
          <div
            className="star-fill"
            style={
              Object {
                "width": "0px",
              }
            }
          >
            <img
              alt="star alt"
              className="star-outline"
              src=""
            />
          </div>
        </div>
        <a>
          Read All 
          0
           Reviews
        </a>
      </div>
      <p />
      <h4 />
      <span
        className=""
      >
        $
         
      </span>
      <p
        className="product-description"
      />
    </div>
    <div
      className="style-select"
    >
      <p>
         
        <b>
          Style &gt;
        </b>
         
      </p>
      <div
        className="style-container"
      />
    </div>
    <div>
      <select>
        <option>
          Select Size
        </option>
        <option>
          XS
        </option>
        <option>
          S
        </option>
        <option>
          M
        </option>
        <option>
          L
        </option>
        <option>
          XL
        </option>
      </select>
      <select>
        <option>
          1
        </option>
        <option>
          2
        </option>
        <option>
          3
        </option>
        <option>
          4
        </option>
        <option>
          5
        </option>
      </select>
      <button>
        Add To Cart
      </button>
      <button>
        â˜†
      </button>
    </div>
  </div>
</div>
`;
